[2026-06-11 13:42:44] [info] Start Program:
Path:"C:\Users\nicut\Desktop\Pacticc\x64\Debug\Pacticc.exe"
Arguments:
Working directory: "C:\Users\nicut\Desktop\Pacticc\"
Modules: Selected: C:\Users\nicut\Desktop\Pacticc\x64\Debug\Pacticc.exe Excluded: 
Sources: Selected: C:\Users\nicut\Desktop\Pacticc Excluded: 
Log Level: Normal
Cover Children: 0
Aggregate by file: 1
Continue after C++ exception: 0
Optimized build support: 0
Export: Binary C:\Users\nicut\AppData\Local\Temp\1okekfn4.oxg 
Input coverage: 
Unified diff: 
Excluded line regular expressions: 
Substitute pdb source paths: 

[2026-06-11 13:42:44] [info] Module: C:\Users\nicut\Desktop\Pacticc\x64\Debug\Pacticc.exe is selected because it matches selected pattern: C:\Users\nicut\Desktop\Pacticc\x64\Debug\Pacticc.exe
[2026-06-11 13:42:51] [info] ----------------------------------------------------
[2026-06-11 13:42:51] [info] Coverage binary generated in file: C:\Users\nicut\AppData\Local\Temp\1okekfn4.oxg
[2026-06-11 13:42:51] [info] ----------------------------------------------------
